python : 
At line:1 char:1
+ python test_hifiems_minimal.py > test_output.txt 2>&1 ;&amp;&amp; typ ...
+ ~~~~~~~~~~~~~~~~~~~~~~~~~~~~~~~~~~~~~~~~~~~~~~~~~~~~~
    + CategoryInfo          : NotSpecified: (:String) [], RemoteException
    + FullyQualifiedErrorId : NativeCommandError
 
A module that was compiled using NumPy 1.x cannot be run in
NumPy 2.2.6 as it may crash. To support both 1.x and 2.x
versions of NumPy, modules must be compiled with NumPy 2.0.
Some module may need to rebuild instead e.g. with 'pybind11>=2.12'.

If you are a user of the module, the easiest solution will be to
downgrade to 'numpy<2' or try to upgrade the affected module.
We expect that some modules will need time to support NumPy 2.

Traceback (most recent call last):  File "C:\Users\malth\HPP\hydesign\test_hifi
ems_minimal.py", line 14, in <module>
    hpp = hpp_model(
  File "C:\Users\malth\HPP\hydesign\hydesign\assembly\hpp_assembly_hifi.py", li
ne 255, in __init__
    prob = self.get_prob(comps)
  File "C:\Users\malth\HPP\hydesign\hydesign\assembly\hpp_assembly.py", line 39
8, in get_prob
    prob = om.Problem(reports=None)
  File "C:\Users\malth\anaconda3\Lib\site-packages\openmdao\core\problem.py", l
ine 216, in __init__
    _load_report_plugins()
  File "C:\Users\malth\anaconda3\Lib\site-packages\openmdao\utils\reports_syste
m.py", line 615, in _load_report_plugins
    register_func = ep.load()
  File "C:\Users\malth\anaconda3\Lib\site-packages\importlib_metadata\__init__.
py", line 184, in load
    module = import_module(match.group('module'))
  File "C:\Users\malth\anaconda3\Lib\importlib\__init__.py", line 126, in impor
t_module
    return _bootstrap._gcd_import(name[level:], package, level)
  File "C:\Users\malth\anaconda3\Lib\site-packages\openmdao\visualization\opt_r
eport\opt_report.py", line 18, in <module>
    import matplotlib as mpl
  File "C:\Users\malth\anaconda3\Lib\site-packages\matplotlib\__init__.py", lin
e 161, in <module>
    from . import _api, _version, cbook, _docstring, rcsetup
  File "C:\Users\malth\anaconda3\Lib\site-packages\matplotlib\rcsetup.py", line
 27, in <module>
    from matplotlib.colors import Colormap, is_color_like
  File "C:\Users\malth\anaconda3\Lib\site-packages\matplotlib\colors.py", line 
57, in <module>
    from matplotlib import _api, _cm, cbook, scale
  File "C:\Users\malth\anaconda3\Lib\site-packages\matplotlib\scale.py", line 2
2, in <module>
    from matplotlib.ticker import (
  File "C:\Users\malth\anaconda3\Lib\site-packages\matplotlib\ticker.py", line 
143, in <module>
    from matplotlib import transforms as mtransforms
  File "C:\Users\malth\anaconda3\Lib\site-packages\matplotlib\transforms.py", l
ine 49, in <module>
    from matplotlib._path import (
AttributeError: _ARRAY_API not found
Using config: C:/Users/malth/HPP/hydesign/hydesign/examples/Europe/hpp_pars_HiFiEMS.yml
Config exists: True

Fixed parameters on the site
-------------------------------
longitude = 4.294
latitude = 43.012
altitude = 100

Evaluating with inputs: {'wind_MW': 495, 'solar_MW': 12.18, 'b_P': 0, 'b_E_h': 0}

  0%|          | 0/366 [00:00<?, ?it/s]
  1%|          | 3/366 [00:00<00:12, 28.70it/s]
  2%|1         | 6/366 [00:00<00:17, 20.52it/s]
  2%|2         | 9/366 [00:00<00:20, 17.69it/s]
  3%|3         | 11/366 [00:00<00:21, 16.83it/s]
  4%|3         | 13/366 [00:00<00:21, 16.45it/s]
  4%|4         | 15/366 [00:00<00:22, 15.44it/s]
  5%|4         | 17/366 [00:01<00:25, 13.83it/s]
  5%|5         | 19/366 [00:01<00:27, 12.81it/s]
  6%|5         | 21/366 [00:01<00:27, 12.57it/s]
  6%|6         | 23/366 [00:01<00:27, 12.32it/s]
  7%|6         | 25/366 [00:01<00:26, 12.92it/s]
  7%|7         | 27/366 [00:01<00:24, 13.70it/s]
  8%|7         | 29/366 [00:01<00:22, 14.66it/s]
  8%|8         | 31/366 [00:02<00:22, 15.06it/s]
  9%|9         | 33/366 [00:02<00:22, 15.12it/s]
 10%|9         | 35/366 [00:02<00:21, 15.27it/s]
 10%|#         | 37/366 [00:02<00:21, 15.08it/s]
 11%|#         | 39/366 [00:02<00:21, 15.53it/s]
 11%|#1        | 41/366 [00:02<00:20, 15.81it/s]
 12%|#1        | 43/366 [00:02<00:20, 15.98it/s]
 12%|#2        | 45/366 [00:02<00:20, 15.54it/s]
 13%|#2        | 47/366 [00:03<00:23, 13.80it/s]
 13%|#3        | 49/366 [00:03<00:21, 14.73it/s]
 14%|#3        | 51/366 [00:03<00:21, 14.59it/s]
 14%|#4        | 53/366 [00:03<00:20, 15.23it/s]
 15%|#5        | 55/366 [00:03<00:20, 15.32it/s]
 16%|#5        | 57/366 [00:03<00:20, 15.31it/s]
 16%|#6        | 59/366 [00:03<00:20, 15.00it/s]
 17%|#6        | 61/366 [00:04<00:20, 14.78it/s]
 17%|#7        | 63/366 [00:04<00:21, 14.06it/s]
 18%|#7        | 65/366 [00:04<00:22, 13.60it/s]
 18%|#8        | 67/366 [00:04<00:21, 13.87it/s]
 19%|#8        | 69/366 [00:04<00:21, 14.04it/s]
 19%|#9        | 71/366 [00:04<00:21, 13.72it/s]
 20%|#9        | 73/366 [00:04<00:22, 13.15it/s]
 20%|##        | 75/366 [00:05<00:22, 12.92it/s]
 21%|##1       | 77/366 [00:05<00:22, 12.67it/s]
 22%|##1       | 79/366 [00:05<00:23, 12.44it/s]
 22%|##2       | 81/366 [00:05<00:23, 12.06it/s]
 23%|##2       | 83/366 [00:05<00:23, 12.25it/s]
 23%|##3       | 85/366 [00:05<00:23, 12.10it/s]
 24%|##3       | 87/366 [00:06<00:23, 11.90it/s]
 24%|##4       | 89/366 [00:06<00:22, 12.17it/s]
 25%|##4       | 91/366 [00:06<00:21, 12.65it/s]
 25%|##5       | 93/366 [00:06<00:20, 13.01it/s]
 26%|##5       | 95/366 [00:06<00:20, 13.31it/s]
 27%|##6       | 97/366 [00:06<00:20, 13.33it/s]
 27%|##7       | 99/366 [00:07<00:19, 13.67it/s]
 28%|##7       | 101/366 [00:07<00:19, 13.59it/s]
 28%|##8       | 103/366 [00:07<00:18, 13.94it/s]
 29%|##8       | 105/366 [00:07<00:18, 13.89it/s]
 29%|##9       | 107/366 [00:07<00:18, 13.81it/s]
 30%|##9       | 109/366 [00:07<00:18, 13.87it/s]
 30%|###       | 111/366 [00:07<00:18, 13.50it/s]
 31%|###       | 113/366 [00:08<00:18, 13.83it/s]
 31%|###1      | 115/366 [00:08<00:17, 14.03it/s]
 32%|###1      | 117/366 [00:08<00:17, 13.91it/s]
 33%|###2      | 119/366 [00:08<00:17, 14.08it/s]
 33%|###3      | 121/366 [00:08<00:18, 12.96it/s]
 34%|###3      | 123/366 [00:08<00:19, 12.70it/s]
 34%|###4      | 125/366 [00:09<00:21, 11.18it/s]
 35%|###4      | 127/366 [00:09<00:20, 11.74it/s]
 35%|###5      | 129/366 [00:09<00:19, 11.99it/s]
 36%|###5      | 131/366 [00:09<00:18, 12.43it/s]
 36%|###6      | 133/366 [00:09<00:18, 12.32it/s]
 37%|###6      | 135/366 [00:09<00:19, 12.15it/s]
 37%|###7      | 137/366 [00:09<00:18, 12.59it/s]
 38%|###7      | 139/366 [00:10<00:17, 12.75it/s]
 39%|###8      | 141/366 [00:10<00:17, 12.74it/s]
 39%|###9      | 143/366 [00:10<00:17, 12.45it/s]
 40%|###9      | 145/366 [00:10<00:18, 12.18it/s]
 40%|####      | 147/366 [00:10<00:18, 11.94it/s]
 41%|####      | 149/366 [00:10<00:18, 11.99it/s]
 41%|####1     | 151/366 [00:11<00:18, 11.40it/s]
 42%|####1     | 153/366 [00:11<00:17, 11.87it/s]
 42%|####2     | 155/366 [00:11<00:17, 12.05it/s]
 43%|####2     | 157/366 [00:11<00:16, 12.31it/s]
 43%|####3     | 159/366 [00:11<00:16, 12.56it/s]
 44%|####3     | 161/366 [00:11<00:16, 12.54it/s]
 45%|####4     | 163/366 [00:12<00:18, 11.12it/s]
 45%|####5     | 165/366 [00:12<00:17, 11.61it/s]
 46%|####5     | 167/366 [00:12<00:16, 12.07it/s]
 46%|####6     | 169/366 [00:12<00:15, 12.34it/s]
 47%|####6     | 171/366 [00:12<00:15, 12.58it/s]
 47%|####7     | 173/366 [00:12<00:15, 12.22it/s]
 48%|####7     | 175/366 [00:13<00:15, 12.04it/s]
 48%|####8     | 177/366 [00:13<00:15, 11.89it/s]
 49%|####8     | 179/366 [00:13<00:16, 11.65it/s]
 49%|####9     | 181/366 [00:13<00:15, 11.58it/s]
 50%|#####     | 183/366 [00:13<00:15, 11.50it/s]
 51%|#####     | 185/366 [00:14<00:15, 11.45it/s]
 51%|#####1    | 187/366 [00:14<00:15, 11.41it/s]
 52%|#####1    | 189/366 [00:14<00:15, 11.30it/s]
 52%|#####2    | 191/366 [00:14<00:16, 10.73it/s]
 53%|#####2    | 193/366 [00:14<00:16, 10.55it/s]
 53%|#####3    | 195/366 [00:14<00:16, 10.21it/s]
 54%|#####3    | 197/366 [00:15<00:17,  9.61it/s]
 54%|#####4    | 198/366 [00:15<00:17,  9.36it/s]
 54%|#####4    | 199/366 [00:15<00:21,  7.84it/s]
 55%|#####4    | 201/366 [00:15<00:19,  8.48it/s]
 55%|#####5    | 203/366 [00:15<00:18,  9.01it/s]
 56%|#####6    | 205/366 [00:16<00:16,  9.54it/s]
 56%|#####6    | 206/366 [00:16<00:16,  9.48it/s]
 57%|#####6    | 207/366 [00:16<00:16,  9.55it/s]
 57%|#####6    | 208/366 [00:16<00:17,  9.22it/s]
 57%|#####7    | 209/366 [00:16<00:17,  9.21it/s]
 58%|#####7    | 211/366 [00:16<00:16,  9.69it/s]
 58%|#####8    | 213/366 [00:16<00:15, 10.05it/s]
 59%|#####8    | 215/366 [00:17<00:14, 10.43it/s]
 59%|#####9    | 217/366 [00:17<00:14, 10.36it/s]
 60%|#####9    | 219/366 [00:17<00:13, 10.59it/s]
 60%|######    | 221/366 [00:17<00:13, 10.54it/s]
 61%|######    | 223/366 [00:17<00:15,  9.44it/s]
 61%|######1   | 225/366 [00:18<00:14,  9.90it/s]
 62%|######2   | 227/366 [00:18<00:13, 10.21it/s]
 63%|######2   | 229/366 [00:18<00:13, 10.44it/s]
 63%|######3   | 231/366 [00:18<00:12, 10.54it/s]
 64%|######3   | 233/366 [00:18<00:12, 10.64it/s]
 64%|######4   | 235/366 [00:19<00:12, 10.79it/s]
 65%|######4   | 237/366 [00:19<00:11, 10.80it/s]
 65%|######5   | 239/366 [00:19<00:11, 10.65it/s]
 66%|######5   | 241/366 [00:19<00:11, 10.72it/s]
 66%|######6   | 243/366 [00:19<00:11, 10.60it/s]
 67%|######6   | 245/366 [00:20<00:12,  9.44it/s]
 67%|######7   | 246/366 [00:20<00:12,  9.53it/s]
 68%|######7   | 248/366 [00:20<00:11,  9.94it/s]
 68%|######8   | 250/366 [00:20<00:11, 10.20it/s]
 69%|######8   | 252/366 [00:20<00:11, 10.32it/s]
 69%|######9   | 254/366 [00:20<00:10, 10.34it/s]
 70%|######9   | 256/366 [00:21<00:10, 10.48it/s]
 70%|#######   | 258/366 [00:21<00:10, 10.60it/s]
 71%|#######1  | 260/366 [00:21<00:11,  9.61it/s]
 72%|#######1  | 262/366 [00:21<00:10,  9.82it/s]
 72%|#######2  | 264/366 [00:21<00:10, 10.14it/s]
 73%|#######2  | 266/366 [00:22<00:09, 10.36it/s]
 73%|#######3  | 268/366 [00:22<00:09, 10.37it/s]
 74%|#######3  | 270/366 [00:22<00:10,  8.96it/s]
 74%|#######4  | 271/366 [00:22<00:10,  9.03it/s]
 74%|#######4  | 272/366 [00:22<00:10,  9.10it/s]
 75%|#######4  | 273/366 [00:22<00:10,  9.22it/s]
 75%|#######5  | 275/366 [00:23<00:09,  9.57it/s]
 75%|#######5  | 276/366 [00:23<00:09,  9.46it/s]
 76%|#######5  | 278/366 [00:23<00:09,  8.81it/s]
 77%|#######6  | 280/366 [00:23<00:09,  9.44it/s]
 77%|#######7  | 282/366 [00:23<00:08,  9.91it/s]
 78%|#######7  | 284/366 [00:24<00:08, 10.11it/s]
 78%|#######8  | 286/366 [00:24<00:07, 10.18it/s]
 79%|#######8  | 288/366 [00:24<00:07, 10.24it/s]
 79%|#######9  | 290/366 [00:24<00:07, 10.37it/s]
 80%|#######9  | 292/366 [00:24<00:08,  9.16it/s]
 80%|########  | 294/366 [00:25<00:07,  9.57it/s]
 81%|########  | 295/366 [00:25<00:07,  9.40it/s]
 81%|########  | 296/366 [00:25<00:07,  9.37it/s]
 81%|########1 | 298/366 [00:25<00:07,  9.44it/s]
 82%|########1 | 300/366 [00:25<00:06,  9.78it/s]
 83%|########2 | 302/366 [00:25<00:06,  9.93it/s]
 83%|########3 | 304/366 [00:26<00:06, 10.07it/s]
 84%|########3 | 306/366 [00:26<00:06,  9.27it/s]
 84%|########4 | 308/366 [00:26<00:06,  9.62it/s]
 85%|########4 | 310/366 [00:26<00:05,  9.92it/s]
 85%|########5 | 312/366 [00:26<00:05, 10.04it/s]
 86%|########5 | 314/366 [00:27<00:05, 10.16it/s]
 86%|########6 | 316/366 [00:27<00:04, 10.11it/s]
 87%|########6 | 318/366 [00:27<00:05,  9.26it/s]
 87%|########7 | 320/366 [00:27<00:04,  9.60it/s]
 88%|########7 | 321/366 [00:27<00:04,  9.37it/s]
 88%|########7 | 322/366 [00:27<00:04,  9.25it/s]
 89%|########8 | 324/366 [00:28<00:04,  9.69it/s]
 89%|########9 | 326/366 [00:28<00:04,  9.96it/s]
 89%|########9 | 327/366 [00:28<00:03,  9.90it/s]
 90%|########9 | 329/366 [00:28<00:04,  9.02it/s]
 90%|######### | 330/366 [00:28<00:03,  9.14it/s]
 91%|######### | 332/366 [00:29<00:03,  9.53it/s]
 91%|#########1| 334/366 [00:29<00:03,  9.81it/s]
 92%|#########1| 336/366 [00:29<00:02, 10.07it/s]
 92%|#########2| 338/366 [00:29<00:02, 10.21it/s]
 93%|#########2| 340/366 [00:29<00:02,  9.28it/s]
 93%|#########3| 341/366 [00:29<00:02,  9.27it/s]
 94%|#########3| 343/366 [00:30<00:02,  9.67it/s]
 94%|#########4| 345/366 [00:30<00:02,  9.82it/s]
 95%|#########4| 347/366 [00:30<00:01,  9.87it/s]
 95%|#########5| 348/366 [00:30<00:01,  9.88it/s]
 96%|#########5| 350/366 [00:30<00:01, 10.08it/s]
 96%|#########6| 352/366 [00:31<00:01,  9.11it/s]
 96%|#########6| 353/366 [00:31<00:01,  9.17it/s]
 97%|#########6| 354/366 [00:31<00:01,  9.21it/s]
 97%|#########6| 355/366 [00:31<00:01,  9.34it/s]
 97%|#########7| 356/366 [00:31<00:01,  9.39it/s]
 98%|#########7| 357/366 [00:31<00:00,  9.47it/s]
 98%|#########7| 358/366 [00:31<00:00,  9.54it/s]
 98%|#########8| 359/366 [00:31<00:00,  9.40it/s]
 98%|#########8| 360/366 [00:31<00:00,  9.26it/s]
 99%|#########8| 361/366 [00:32<00:00,  8.98it/s]
 99%|#########8| 362/366 [00:32<00:00,  7.77it/s]
 99%|#########9| 363/366 [00:32<00:00,  8.18it/s]
 99%|#########9| 364/366 [00:32<00:00,  8.54it/s]
100%|#########9| 365/366 [00:32<00:00,  8.83it/s]
100%|#########9| 365/366 [00:32<00:00, 11.18it/s]
500.0

=== Design Configuration ===

Design:
---------------
clearance [m]: 27.000
sp [W/m2]: 342.908
p_rated [MW]: 15.000
Nwt: 33.000
wind_MW_per_km2 [MW/km2]: 6.000
wind_MW [MW]: 495.000
solar_MW [MW]: 12.180
b_P [MW]: 0.000
b_E_h [h]: 0.000


NPV_over_CAPEX: -0.181
NPV [MEuro]: -215.113
IRR: 0.041
LCOE [Euro/MWh]: 102.177
Revenues [MEuro]: 100.569
CAPEX [MEuro]: 1190.680
OPEX [MEuro]: 21.934
Wind CAPEX [MEuro]: 871.200
Wind OPEX [MEuro]: 21.819
PV CAPEX [MEuro]: 5.980
PV OPEX [MEuro]: 0.116
Batt CAPEX [MEuro]: 0.000
Batt OPEX [MEuro]: 0.000
Shared CAPEX [MEuro]: 313.500
Shared OPEX [MEuro]: 0.000
Mean Annual Electricity Sold [GWh]: 1118.229
GUF: 0.255
grid [MW]: 500.000
wind [MW]: 495.000
solar [MW]: 12.180
Battery Energy [MWh]: 0.000
Battery Power [MW]: 0.000
Awpp [km2]: 82.500
Apvp [km2]: 1.000
Plant area [km2]: 82.500
Break-even PPA price [Euro/MWh]: 105.441


=== Evaluation Results ===
NPV [MEuro]: -215.11266911962576
Revenues [MEuro]: 100.56879744032521
CAPEX [MEuro]: 1190.68038
OPEX [MEuro]: 21.9343416
IRR: 0.04089456964055449
LCOE [Euro/MWh]: 102.17740573850296
Mean Annual Electricity Sold [GWh]: 1118.228943086546
